=== Vehicle Debug Log Started at 2026-06-24 06:16:35 ===

[06:16:35.618] ===== AskPlayerStartEnterOrExitVehicle CALLED =====
[06:16:35.618] Args: Pid=1000000 EnterOrLeave=True VehicleId=7290100908743027783 Seat=0 Force=True DoorType=0
[06:16:35.618] State: CurrentVehicleId=7290100908743027783 LastDetectedId=0 LastSpawnedId=7290100908743027783 ResolvedVehicleId=7290100908743027783 Mode=Notify
[06:16:35.619] Ignoring echo during GM vehicle control
[06:16:39.729] ===== AskPlayerStartEnterOrExitVehicle CALLED =====
[06:16:39.730] Args: Pid=1000000 EnterOrLeave=False VehicleId=7290100908743027783 Seat=0 Force=True DoorType=0
[06:16:39.730] State: CurrentVehicleId=0 LastDetectedId=0 LastSpawnedId=7290100908743027783 ResolvedVehicleId=7290100908743027783 Mode=Notify
[06:16:39.730] Ignoring echo during GM vehicle control
[06:16:43.098] ===== AskPlayerStartEnterOrExitVehicle CALLED =====
[06:16:43.098] Args: Pid=1000000 EnterOrLeave=True VehicleId=3277567824232250469 Seat=0 Force=True DoorType=0
[06:16:43.099] State: CurrentVehicleId=3277567824232250469 LastDetectedId=0 LastSpawnedId=3277567824232250469 ResolvedVehicleId=3277567824232250469 Mode=Notify
[06:16:43.099] Ignoring echo during GM vehicle control
[06:18:12.138] ===== AskPlayerStartEnterOrExitVehicle CALLED =====
[06:18:12.139] Args: Pid=1000000 EnterOrLeave=False VehicleId=3277567824232250469 Seat=0 Force=True DoorType=0
[06:18:12.139] State: CurrentVehicleId=0 LastDetectedId=0 LastSpawnedId=3277567824232250469 ResolvedVehicleId=3277567824232250469 Mode=Notify
[06:18:12.139] Ignoring echo during GM vehicle control
[06:20:14.115] ===== AskPlayerStartEnterOrExitVehicle CALLED =====
[06:20:14.115] Args: Pid=1000000 EnterOrLeave=True VehicleId=7039593081188581916 Seat=0 Force=True DoorType=0
[06:20:14.115] State: CurrentVehicleId=7039593081188581916 LastDetectedId=0 LastSpawnedId=7039593081188581916 ResolvedVehicleId=7039593081188581916 Mode=Notify
[06:20:14.116] Ignoring echo during GM vehicle control
[06:20:17.855] ===== AskPlayerStartEnterOrExitVehicle CALLED =====
[06:20:17.855] Args: Pid=1000000 EnterOrLeave=True VehicleId=3839627155126948667 Seat=0 Force=True DoorType=0
[06:20:17.855] State: CurrentVehicleId=3839627155126948667 LastDetectedId=0 LastSpawnedId=3839627155126948667 ResolvedVehicleId=3839627155126948667 Mode=Notify
[06:20:17.855] Ignoring echo during GM vehicle control
[06:20:18.039] ===== AskPlayerStartEnterOrExitVehicle CALLED =====
[06:20:18.040] Args: Pid=1000000 EnterOrLeave=True VehicleId=5927417327847777578 Seat=0 Force=True DoorType=0
[06:20:18.040] State: CurrentVehicleId=5927417327847777578 LastDetectedId=0 LastSpawnedId=5927417327847777578 ResolvedVehicleId=5927417327847777578 Mode=Notify
[06:20:18.040] Ignoring echo during GM vehicle control
[06:20:18.245] ===== AskPlayerStartEnterOrExitVehicle CALLED =====
[06:20:18.246] Args: Pid=1000000 EnterOrLeave=True VehicleId=750195459121596468 Seat=0 Force=True DoorType=0
[06:20:18.252] State: CurrentVehicleId=750195459121596468 LastDetectedId=0 LastSpawnedId=750195459121596468 ResolvedVehicleId=750195459121596468 Mode=Notify
[06:20:18.253] Ignoring echo during GM vehicle control
[06:20:18.384] ===== AskPlayerStartEnterOrExitVehicle CALLED =====
[06:20:18.384] Args: Pid=1000000 EnterOrLeave=True VehicleId=309899668388691539 Seat=0 Force=True DoorType=0
[06:20:18.385] State: CurrentVehicleId=309899668388691539 LastDetectedId=0 LastSpawnedId=309899668388691539 ResolvedVehicleId=309899668388691539 Mode=Notify
[06:20:18.385] Ignoring echo during GM vehicle control
[06:20:18.738] ===== AskPlayerStartEnterOrExitVehicle CALLED =====
[06:20:18.738] Args: Pid=1000000 EnterOrLeave=True VehicleId=3847410201808096945 Seat=0 Force=True DoorType=0
[06:20:18.738] State: CurrentVehicleId=3847410201808096945 LastDetectedId=0 LastSpawnedId=3847410201808096945 ResolvedVehicleId=3847410201808096945 Mode=Notify
[06:20:18.738] Ignoring echo during GM vehicle control
[06:20:18.926] ===== AskPlayerStartEnterOrExitVehicle CALLED =====
[06:20:18.927] Args: Pid=1000000 EnterOrLeave=True VehicleId=6178810479048921051 Seat=0 Force=True DoorType=0
[06:20:18.927] State: CurrentVehicleId=6178810479048921051 LastDetectedId=0 LastSpawnedId=6178810479048921051 ResolvedVehicleId=6178810479048921051 Mode=Notify
[06:20:18.927] Ignoring echo during GM vehicle control
[06:20:21.689] ===== AskPlayerStartEnterOrExitVehicle CALLED =====
[06:20:21.689] Args: Pid=1000000 EnterOrLeave=False VehicleId=6178810479048921051 Seat=0 Force=True DoorType=0
[06:20:21.690] State: CurrentVehicleId=0 LastDetectedId=0 LastSpawnedId=6178810479048921051 ResolvedVehicleId=6178810479048921051 Mode=Notify
[06:20:21.690] Ignoring echo during GM vehicle control
[06:20:34.954] ===== AskPlayerStartEnterOrExitVehicle CALLED =====
[06:20:34.954] Args: Pid=1000000 EnterOrLeave=True VehicleId=1398177772684369976 Seat=0 Force=True DoorType=0
[06:20:34.954] State: CurrentVehicleId=1398177772684369976 LastDetectedId=0 LastSpawnedId=1398177772684369976 ResolvedVehicleId=1398177772684369976 Mode=Notify
[06:20:34.954] Ignoring echo during GM vehicle control
[06:20:45.864] ===== AskPlayerStartEnterOrExitVehicle CALLED =====
[06:20:45.864] Args: Pid=1000000 EnterOrLeave=True VehicleId=3808298312495308610 Seat=0 Force=True DoorType=0
[06:20:45.865] State: CurrentVehicleId=3808298312495308610 LastDetectedId=0 LastSpawnedId=3808298312495308610 ResolvedVehicleId=3808298312495308610 Mode=Notify
[06:20:45.865] Ignoring echo during GM vehicle control
[06:20:49.517] ===== AskPlayerStartEnterOrExitVehicle CALLED =====
[06:20:49.517] Args: Pid=1000000 EnterOrLeave=False VehicleId=3808298312495308610 Seat=0 Force=True DoorType=0
[06:20:49.517] State: CurrentVehicleId=0 LastDetectedId=0 LastSpawnedId=3808298312495308610 ResolvedVehicleId=3808298312495308610 Mode=Notify
[06:20:49.517] Ignoring echo during GM vehicle control
[06:21:08.969] ===== AskPlayerStartEnterOrExitVehicle CALLED =====
[06:21:08.969] Args: Pid=1000000 EnterOrLeave=True VehicleId=6502700505160081549 Seat=0 Force=True DoorType=0
[06:21:08.970] State: CurrentVehicleId=6502700505160081549 LastDetectedId=0 LastSpawnedId=6502700505160081549 ResolvedVehicleId=6502700505160081549 Mode=Notify
[06:21:08.970] Ignoring echo during GM vehicle control
[06:21:11.987] ===== AskPlayerStartEnterOrExitVehicle CALLED =====
[06:21:11.987] Args: Pid=1000000 EnterOrLeave=False VehicleId=6502700505160081549 Seat=0 Force=True DoorType=0
[06:21:11.987] State: CurrentVehicleId=0 LastDetectedId=0 LastSpawnedId=6502700505160081549 ResolvedVehicleId=6502700505160081549 Mode=Notify
[06:21:11.988] Ignoring echo during GM vehicle control
[06:21:35.634] ===== AskPlayerStartEnterOrExitVehicle CALLED =====
[06:21:35.635] Args: Pid=1000000 EnterOrLeave=True VehicleId=6901660922149913282 Seat=0 Force=True DoorType=0
[06:21:35.635] State: CurrentVehicleId=6901660922149913282 LastDetectedId=0 LastSpawnedId=6901660922149913282 ResolvedVehicleId=6901660922149913282 Mode=Notify
[06:21:35.635] Ignoring echo during GM vehicle control
[06:21:47.153] ===== AskPlayerStartEnterOrExitVehicle CALLED =====
[06:21:47.154] Args: Pid=1000000 EnterOrLeave=False VehicleId=6901660922149913282 Seat=0 Force=True DoorType=0
[06:21:47.154] State: CurrentVehicleId=0 LastDetectedId=0 LastSpawnedId=6901660922149913282 ResolvedVehicleId=6901660922149913282 Mode=Notify
[06:21:47.154] Ignoring echo during GM vehicle control
[06:22:14.644] ===== AskPlayerStartEnterOrExitVehicle CALLED =====
[06:22:14.644] Args: Pid=1000000 EnterOrLeave=True VehicleId=4934985746702943687 Seat=0 Force=True DoorType=0
[06:22:14.644] State: CurrentVehicleId=4934985746702943687 LastDetectedId=0 LastSpawnedId=4934985746702943687 ResolvedVehicleId=4934985746702943687 Mode=Notify
[06:22:14.644] Ignoring echo during GM vehicle control
[06:22:24.536] ===== AskPlayerStartEnterOrExitVehicle CALLED =====
[06:22:24.537] Args: Pid=1000000 EnterOrLeave=True VehicleId=4942529025841255592 Seat=0 Force=True DoorType=0
[06:22:24.537] State: CurrentVehicleId=4942529025841255592 LastDetectedId=0 LastSpawnedId=4942529025841255592 ResolvedVehicleId=4942529025841255592 Mode=Notify
[06:22:24.537] Ignoring echo during GM vehicle control
[06:22:35.939] ===== AskPlayerStartEnterOrExitVehicle CALLED =====
[06:22:35.940] Args: Pid=1000000 EnterOrLeave=False VehicleId=4942529025841255592 Seat=0 Force=True DoorType=0
[06:22:35.940] State: CurrentVehicleId=0 LastDetectedId=0 LastSpawnedId=4942529025841255592 ResolvedVehicleId=4942529025841255592 Mode=Notify
[06:22:35.940] Ignoring echo during GM vehicle control
[06:22:38.748] ===== AskPlayerStartEnterOrExitVehicle CALLED =====
[06:22:38.748] Args: Pid=1000000 EnterOrLeave=True VehicleId=1732960363887974520 Seat=0 Force=True DoorType=0
[06:22:38.749] State: CurrentVehicleId=1732960363887974520 LastDetectedId=0 LastSpawnedId=1732960363887974520 ResolvedVehicleId=1732960363887974520 Mode=Notify
[06:22:38.749] Ignoring echo during GM vehicle control
[06:22:43.382] ===== AskPlayerStartEnterOrExitVehicle CALLED =====
[06:22:43.382] Args: Pid=1000000 EnterOrLeave=False VehicleId=1732960363887974520 Seat=0 Force=True DoorType=0
[06:22:43.383] State: CurrentVehicleId=0 LastDetectedId=0 LastSpawnedId=1732960363887974520 ResolvedVehicleId=1732960363887974520 Mode=Notify
[06:22:43.383] Ignoring echo during GM vehicle control
